ubuntu@ip-10-2-11-118:~$ mysql -h database-rereplica.cphr9awequzx.us-east-2.rds.amazonaws.com -P 3306 -u admin -p
Enter password: 
Welcome to the MySQL monitor.  Commands end with ; or \g.
Your MySQL connection id is 42
Server version: 5.7.22 Source distribution

Copyright (c) 2000, 2020, Oracle and/or its affiliates. All rights reserved.

Oracle is a registered trademark of Oracle Corporation and/or its
affiliates. Other names may be trademarks of their respective
owners.

Type 'help;' or '\h' for help. Type '\c' to clear the current input statement.

mysql> use udacity
Reading table information for completion of table and column names
You can turn off this feature to get a quicker startup with -A

Database changed
mysql> SELECT * FROM recepie;
ERROR 1146 (42S02): Table 'udacity.recepie' doesn't exist
mysql> SELECT * FROM recepie;
ERROR 1146 (42S02): Table 'udacity.recepie' doesn't exist
mysql> SELECT * FROM recipe;
ERROR 1146 (42S02): Table 'udacity.recipe' doesn't exist
mysql> SELECT * FROM recipes;
+-----------+----------------+
| recipe_id | recipe_name    |
+-----------+----------------+
|         3 | Grilled Cheese |
|         1 | Tacos          |
|         2 | Tomato Soup    |
+-----------+----------------+
3 rows in set (0.00 sec)

mysql> CREATE TABLE recipes (
    ->   recipe_id INT NOT NULL,
    ->   recipe_name VARCHAR(30) NOT NULL,
    ->   PRIMARY KEY (recipe_id),
    ->   UNIQUE (recipe_name)
    -> );
ERROR 1290 (HY000): The MySQL server is running with the --read-only option so it cannot execute this statement
mysql> 
